==== cron run start: 2026-08-20T04:00:00+0300 ====
From github.com:jeremyjacob101/Kartiseret
 * branch            main       -> FETCH_HEAD
Already on 'main'
M	backend/config/cron/cron_daily.log
Your branch is up to date with 'origin/main'.
HEAD is now at 0a12b0b [D-RUN] daily artifacts and log 2026-08-19_05-01-16

--------------------

CCsoon: 00m31s
LCsoon: 01m29s
YPsoon: 02m12s
MLsoon: 02m41s
HCsoon: 03m15s

--------------------


--------------------

LevCinema: 05m27s
RavHen: 11m07s
MovieLand: 13m31s
HotCinema: 19m27s
YesPlanet: 25m03s
CinemaCity: 25m14s

--------------------


--------------------

JAFCtheque: 00m17s
JLEMtheque: 03m50s
HERZtheque: 04m26s
HAIFtheque: 04m36s
TLVtheque: 10m10s

--------------------


--------------------

ComingSoonsClean: 00m02s
ComingSoonsTmdb: 00m44s
ComingSoonsUpdate: 00m04s

--------------------


--------------------

NowPlayingsClean: 00m25s
NowPlayingsTmdb: 07m29s
NowPlayingsUpdate: 00m59s

--------------------


--------------------

CinemathequesClean: 00m21s
CinemathequesTmdb: 11m09s
CinemathequesUpdate: 01m44s

--------------------

==== cron run end: 2026-08-20T05:01:48+0300 ====
