==== cron run start: 2026-09-01T04:00:01+0300 ====
From github.com:jeremyjacob101/Kartiseret
 * branch            main       -> FETCH_HEAD
Already on 'main'
M	backend/config/cron/cron_daily.log
Your branch is up to date with 'origin/main'.
HEAD is now at 7d06d6d [D-RUN] daily artifacts and log 2026-08-31_04-51-37

--------------------

CCsoon: 01m27s
LCsoon: 02m04s
YPsoon: 02m40s
MLsoon: 02m56s
HCsoon: 04m00s

--------------------


--------------------

LevCinema: 07m43s
MovieLand: 09m58s
RavHen: 12m26s
HotCinema: 16m49s
CinemaCity: 19m52s
YesPlanet: 27m21s

--------------------


--------------------

JAFCtheque: 00m25s
JLEMtheque: 03m59s
HAIFtheque: 04m17s
HERZtheque: 05m10s
TLVtheque: 05m35s

--------------------


--------------------

ComingSoonsClean: 00m02s
ComingSoonsTmdb: 00m18s
ComingSoonsUpdate: 00m05s

--------------------


--------------------

NowPlayingsClean: 00m20s
NowPlayingsTmdb: 07m39s
NowPlayingsUpdate: 01m10s
TicketAlertDispatcher: 00m03s

--------------------


--------------------

CinemathequesClean: 00m21s
CinemathequesTmdb: 10m35s
CinemathequesUpdate: 01m41s

--------------------

==== cron run end: 2026-09-01T04:59:25+0300 ====
