==== cron run start: 2026-08-03T04:00:00+0300 ====
From github.com:jeremyjacob101/Kartiseret
 * branch            main       -> FETCH_HEAD
   43ca472..59274a9  main       -> origin/main
Already on 'main'
M	backend/config/cron/cron_daily.log
Your branch is behind 'origin/main' by 2 commits, and can be fast-forwarded.
  (use "git pull" to update your local branch)
HEAD is now at 59274a9 Merge branch 'main' of https://github.com/jeremyjacob101/Kartiseret

--------------------

CCsoon: 00m26s
LCsoon: 01m16s
YPsoon: 02m04s
MLsoon: 02m55s
HCsoon: 04m04s

--------------------


--------------------

LevCinema: 04m29s
RavHen: 08m54s
MovieLand: 10m11s
HotCinema: 16m06s
YesPlanet: 19m42s
CinemaCity: 19m48s

--------------------


--------------------

JAFCtheque: 00m17s
HERZtheque: 03m36s
JLEMtheque: 04m21s
HAIFtheque: 05m38s
TLVtheque: 10m37s

--------------------


--------------------

ComingSoonsClean: 00m02s
ComingSoonsTmdb: 00m22s
ComingSoonsUpdate: 00m05s

--------------------


--------------------

NowPlayingsClean: 00m20s
NowPlayingsTmdb: 06m08s
NowPlayingsUpdate: 00m47s

--------------------


--------------------

CinemathequesClean: 00m13s
CinemathequesTmdb: 11m54s
CinemathequesUpdate: 01m50s

--------------------

==== cron run end: 2026-08-03T04:56:24+0300 ====
