==== cron run start: 2026-08-26T04:00:00+0300 ====
From github.com:jeremyjacob101/Kartiseret
 * branch            main       -> FETCH_HEAD
Already on 'main'
M	backend/config/cron/cron_daily.log
Your branch is up to date with 'origin/main'.
HEAD is now at fc1f937 [W-RUN] weekly artifacts and log 2026-08-25_19-32-08

--------------------

CCsoon: 00m59s
LCsoon: 01m40s
YPsoon: 02m22s
MLsoon: 02m38s
HCsoon: 03m35s

--------------------


--------------------

LevCinema: 06m32s
RavHen: 12m12s
MovieLand: 14m20s
HotCinema: 21m31s
YesPlanet: 27m28s
CinemaCity: 29m02s

--------------------


--------------------

JAFCtheque: 00m23s
JLEMtheque: 04m06s
HERZtheque: 04m38s
HAIFtheque: 04m46s
TLVtheque: 10m51s

--------------------


--------------------

ComingSoonsClean: 00m02s
ComingSoonsTmdb: 00m14s
ComingSoonsUpdate: 00m05s

--------------------


--------------------

NowPlayingsClean: 00m32s
NowPlayingsTmdb: 07m41s
NowPlayingsUpdate: 00m55s

--------------------


--------------------

CinemathequesClean: 00m21s
CinemathequesTmdb: 11m32s
CinemathequesUpdate: 01m52s

--------------------

==== cron run end: 2026-08-26T05:06:55+0300 ====
