==== cron run start: 2026-08-09T04:00:00+0300 ====
From github.com:jeremyjacob101/Kartiseret
 * branch            main       -> FETCH_HEAD
Already on 'main'
M	backend/config/cron/cron_daily.log
Your branch is up to date with 'origin/main'.
HEAD is now at 8e76e59 [D-RUN] daily artifacts and log 2026-08-08_05-03-39

--------------------

CCsoon: 00m28s
LCsoon: 00m44s
YPsoon: 01m47s
MLsoon: 02m47s
HCsoon: 03m22s

--------------------


--------------------

LevCinema: 04m54s
RavHen: 09m18s
MovieLand: 10m58s
HotCinema: 17m16s
YesPlanet: 20m14s
CinemaCity: 37m24s

--------------------


--------------------

JAFCtheque: 00m15s
JLEMtheque: 03m21s
HERZtheque: 04m03s
HAIFtheque: 04m39s
TLVtheque: 10m13s

--------------------


--------------------

ComingSoonsClean: 00m02s
ComingSoonsTmdb: 00m15s
ComingSoonsUpdate: 00m05s

--------------------


--------------------

NowPlayingsClean: 00m22s
NowPlayingsTmdb: 06m49s
NowPlayingsUpdate: 00m47s

--------------------


--------------------

CinemathequesClean: 00m17s
CinemathequesTmdb: 10m24s
CinemathequesUpdate: 01m24s

--------------------

==== cron run end: 2026-08-09T05:11:37+0300 ====
