==== cron run start: 2026-07-28T04:00:00+0300 ====
From github.com:jeremyjacob101/Kartiseret
 * branch            main       -> FETCH_HEAD
Already on 'main'
M	backend/config/cron/cron_daily.log
Your branch is up to date with 'origin/main'.
HEAD is now at a64e81e [D-RUN] daily artifacts and log 2026-07-27_05-41-54

--------------------

CCsoon: 00m28s
LCsoon: 01m13s
YPsoon: 02m00s
MLsoon: 02m41s
HCsoon: 03m58s

--------------------


--------------------

LevCinema: 05m50s
MovieLand: 09m42s
CinemaCity: 10m52s
RavHen: 11m45s
HotCinema: 16m11s
YesPlanet: 25m12s

--------------------

Deleted 0 old allSoons rows on or before 2026-06-27.
Deleted 3 old finalSoons rows on or before 2026-07-28.
Found 0 duplicate rows out of 169 allSoons rows.
Deleted 0 duplicate rows from allSoons.

--------------------

ComingSoonsClean: 00m04s
ComingSoonsTmdb: 00m19s
ComingSoonsUpdate: 00m06s

--------------------

Deleted 2153 old allShowtimes rows on or before 2026-07-23.
Deleted 0 old finalShowtimes rows on or before 2026-07-27.
Deleted 1 orphan finalMovies rows.
Found 2709 exact duplicate rows out of 22735 allShowtimes rows.
Deleted 2709 exact duplicate rows from allShowtimes.

--------------------

NowPlayingsClean: 00m22s
NowPlayingsTmdb: 05m54s
NowPlayingsUpdate: 75m54s

--------------------

==== cron run end: 2026-07-28T05:51:59+0300 ====
