==== cron run start: 2026-08-05T04:00:00+0300 ====
From github.com:jeremyjacob101/Kartiseret
 * branch            main       -> FETCH_HEAD
Already on 'main'
M	backend/config/cron/cron_daily.log
Your branch is up to date with 'origin/main'.
HEAD is now at be2cb01 [W-RUN] weekly artifacts and log 2026-08-04_19-10-08

--------------------

CCsoon: 00m28s
LCsoon: 01m27s
YPsoon: 02m07s
MLsoon: 02m43s
HCsoon: 03m54s

--------------------


--------------------

LevCinema: 06m00s
RavHen: 11m35s
MovieLand: 13m29s
HotCinema: 21m05s
YesPlanet: 26m46s
CinemaCity: 35m47s

--------------------


--------------------

JAFCtheque: 00m21s
JLEMtheque: 04m47s
HAIFtheque: 05m55s
HERZtheque: 05m58s
TLVtheque: 10m39s

--------------------


--------------------

ComingSoonsClean: 00m08s
ComingSoonsTmdb: 00m16s
ComingSoonsUpdate: 00m05s

--------------------


--------------------

NowPlayingsClean: 00m31s
NowPlayingsTmdb: 07m24s
NowPlayingsUpdate: 00m49s

--------------------


--------------------

CinemathequesClean: 00m15s
CinemathequesTmdb: 07m44s
CinemathequesUpdate: 01m51s

--------------------

==== cron run end: 2026-08-05T05:09:36+0300 ====
