==== cron run start: 2026-08-14T04:00:01+0300 ====
From github.com:jeremyjacob101/Kartiseret
 * branch            main       -> FETCH_HEAD
Already on 'main'
M	backend/config/cron/cron_daily.log
Your branch is up to date with 'origin/main'.
HEAD is now at 72f4a83 [D-RUN] daily artifacts and log 2026-08-13_05-03-32

--------------------

CCsoon: 00m27s
LCsoon: 00m38s
YPsoon: 01m57s
MLsoon: 02m48s
HCsoon: 03m58s

--------------------


--------------------

LevCinema: 04m38s
RavHen: 09m53s
MovieLand: 11m51s
HotCinema: 18m11s
YesPlanet: 22m09s
CinemaCity: 24m06s

--------------------


--------------------

JAFCtheque: 00m19s
HAIFtheque: 04m40s
HERZtheque: 04m55s
JLEMtheque: 06m47s
TLVtheque: 10m12s

--------------------


--------------------

ComingSoonsClean: 00m02s
ComingSoonsTmdb: 00m15s
ComingSoonsUpdate: 00m04s

--------------------


--------------------

NowPlayingsClean: 00m27s
NowPlayingsTmdb: 07m10s
NowPlayingsUpdate: 00m58s

--------------------


--------------------

CinemathequesClean: 00m25s
CinemathequesTmdb: 09m02s
CinemathequesUpdate: 01m26s

--------------------

==== cron run end: 2026-08-14T04:58:17+0300 ====
