==== cron run start: 2026-08-16T04:00:01+0300 ====
From github.com:jeremyjacob101/Kartiseret
 * branch            main       -> FETCH_HEAD
Already on 'main'
M	backend/config/cron/cron_daily.log
Your branch is up to date with 'origin/main'.
HEAD is now at b91f22a [D-RUN] daily artifacts and log 2026-08-15_04-51-24

--------------------

CCsoon: 00m27s
LCsoon: 00m37s
YPsoon: 01m51s
MLsoon: 02m45s
HCsoon: 03m51s

--------------------


--------------------

LevCinema: 04m13s
RavHen: 09m27s
MovieLand: 10m32s
HotCinema: 16m55s
CinemaCity: 17m24s
YesPlanet: 19m34s

--------------------


--------------------

JAFCtheque: 00m17s
HERZtheque: 03m23s
JLEMtheque: 03m26s
HAIFtheque: 03m41s
TLVtheque: 09m05s

--------------------


--------------------

ComingSoonsClean: 00m02s
ComingSoonsTmdb: 00m15s
ComingSoonsUpdate: 00m04s

--------------------


--------------------

NowPlayingsClean: 00m18s
NowPlayingsTmdb: 06m30s
NowPlayingsUpdate: 00m55s

--------------------


--------------------

CinemathequesClean: 00m20s
CinemathequesTmdb: 07m31s
CinemathequesUpdate: 01m17s

--------------------

==== cron run end: 2026-08-16T04:49:57+0300 ====
