==== cron run start: 2026-08-24T04:00:00+0300 ====
From github.com:jeremyjacob101/Kartiseret
 * branch            main       -> FETCH_HEAD
Already on 'main'
M	backend/config/cron/cron_daily.log
Your branch is up to date with 'origin/main'.
HEAD is now at f0994b0 [D-RUN] daily artifacts and log 2026-08-21_05-01-27

--------------------

CCsoon: 00m59s
LCsoon: 01m27s
YPsoon: 02m27s
MLsoon: 02m56s
HCsoon: 03m46s

--------------------


--------------------

LevCinema: 04m41s
RavHen: 09m45s
MovieLand: 10m33s
CinemaCity: 13m39s
HotCinema: 16m27s
YesPlanet: 19m25s

--------------------


--------------------

JAFCtheque: 00m21s
HERZtheque: 02m55s
JLEMtheque: 03m59s
HAIFtheque: 03m59s
TLVtheque: 10m57s

--------------------


--------------------

ComingSoonsClean: 00m02s
ComingSoonsTmdb: 00m20s
ComingSoonsUpdate: 00m04s

--------------------


--------------------

NowPlayingsClean: 00m23s
NowPlayingsTmdb: 06m52s
NowPlayingsUpdate: 00m55s

--------------------


--------------------

CinemathequesClean: 00m21s
CinemathequesTmdb: 11m40s
CinemathequesUpdate: 01m42s

--------------------

==== cron run end: 2026-08-24T04:56:40+0300 ====
