==== cron run start: 2026-07-27T04:00:00+0300 ====
From github.com:jeremyjacob101/Kartiseret
 * branch            main       -> FETCH_HEAD
Already on 'main'
M	backend/config/cron/cron_daily.log
Your branch is up to date with 'origin/main'.
HEAD is now at 061b1a7 [D-RUN] daily artifacts and log 2026-07-26_06-17-41

--------------------

CCsoon: 00m26s
LCsoon: 01m07s
YPsoon: 02m04s
MLsoon: 02m35s
HCsoon: 04m02s

--------------------


--------------------

LevCinema: 04m20s
MovieLand: 09m32s
RavHen: 10m11s
CinemaCity: 13m37s
HotCinema: 16m13s
YesPlanet: 19m17s

--------------------

Deleted 2 old allSoons rows on or before 2026-06-26.
Deleted 0 old finalSoons rows on or before 2026-07-27.
Found 0 duplicate rows out of 169 allSoons rows.
Deleted 0 duplicate rows from allSoons.

--------------------

ComingSoonsClean: 00m04s
ComingSoonsTmdb: 00m21s
ComingSoonsUpdate: 00m07s

--------------------

Deleted 1329 old allShowtimes rows on or before 2026-07-22.
Deleted 0 old finalShowtimes rows on or before 2026-07-26.
Deleted 2 orphan finalMovies rows.
Found 6013 exact duplicate rows out of 21945 allShowtimes rows.
Deleted 6013 exact duplicate rows from allShowtimes.

--------------------

NowPlayingsClean: 00m22s
NowPlayingsTmdb: 05m46s
NowPlayingsUpdate: 71m44s

--------------------

==== cron run end: 2026-07-27T05:41:54+0300 ====
