==== cron run start: 2026-08-15T04:00:01+0300 ====
From github.com:jeremyjacob101/Kartiseret
 * branch            main       -> FETCH_HEAD
Already on 'main'
M	backend/config/cron/cron_daily.log
Your branch is up to date with 'origin/main'.
HEAD is now at 5a94e6e [D-RUN] daily artifacts and log 2026-08-14_04-58-18

--------------------

CCsoon: 00m30s
LCsoon: 00m39s
YPsoon: 01m45s
MLsoon: 02m44s
HCsoon: 03m41s

--------------------


--------------------

LevCinema: 04m15s
RavHen: 09m18s
MovieLand: 11m06s
HotCinema: 16m53s
YesPlanet: 20m08s
CinemaCity: 20m27s

--------------------


--------------------

JAFCtheque: 00m15s
JLEMtheque: 03m06s
HERZtheque: 03m55s
HAIFtheque: 04m00s
TLVtheque: 08m11s

--------------------


--------------------

ComingSoonsClean: 00m01s
ComingSoonsTmdb: 00m15s
ComingSoonsUpdate: 00m04s

--------------------


--------------------

NowPlayingsClean: 00m21s
NowPlayingsTmdb: 06m51s
NowPlayingsUpdate: 01m00s

--------------------


--------------------

CinemathequesClean: 00m19s
CinemathequesTmdb: 08m30s
CinemathequesUpdate: 01m30s

--------------------

==== cron run end: 2026-08-15T04:51:24+0300 ====
