==== cron run start: 2026-08-21T04:00:01+0300 ====
From github.com:jeremyjacob101/Kartiseret
 * branch            main       -> FETCH_HEAD
Already on 'main'
M	backend/config/cron/cron_daily.log
Your branch is up to date with 'origin/main'.
HEAD is now at b49997a [D-RUN] daily artifacts and log 2026-08-20_05-01-49

--------------------

CCsoon: 00m34s
LCsoon: 01m31s
YPsoon: 02m31s
MLsoon: 02m54s
HCsoon: 03m39s

--------------------


--------------------

LevCinema: 06m33s
RavHen: 11m47s
MovieLand: 13m50s
HotCinema: 20m48s
CinemaCity: 23m09s
YesPlanet: 25m01s

--------------------


--------------------

JAFCtheque: 00m20s
JLEMtheque: 03m48s
HERZtheque: 03m59s
HAIFtheque: 04m32s
TLVtheque: 10m16s

--------------------


--------------------

ComingSoonsClean: 00m02s
ComingSoonsTmdb: 00m30s
ComingSoonsUpdate: 00m04s

--------------------


--------------------

NowPlayingsClean: 00m23s
NowPlayingsTmdb: 07m17s
NowPlayingsUpdate: 00m59s

--------------------


--------------------

CinemathequesClean: 00m20s
CinemathequesTmdb: 11m02s
CinemathequesUpdate: 01m40s

--------------------

==== cron run end: 2026-08-21T05:01:27+0300 ====
