==== cron run start: 2026-08-04T04:00:00+0300 ====
From github.com:jeremyjacob101/Kartiseret
 * branch            main       -> FETCH_HEAD
Already on 'main'
M	backend/config/cron/cron_daily.log
Your branch is up to date with 'origin/main'.
HEAD is now at 922a8ac [D-RUN] daily artifacts and log 2026-08-03_04-56-25

--------------------

CCsoon: 00m33s
LCsoon: 01m30s
YPsoon: 02m09s
MLsoon: 02m57s
HCsoon: 04m01s

--------------------


--------------------

LevCinema: 06m04s
MovieLand: 09m15s
CinemaCity: 11m19s
RavHen: 11m44s
HotCinema: 16m01s
YesPlanet: 25m40s

--------------------


--------------------

JAFCtheque: 00m18s
JLEMtheque: 04m57s
HAIFtheque: 06m05s
HERZtheque: 06m55s
TLVtheque: 10m26s

--------------------


--------------------

ComingSoonsClean: 00m02s
ComingSoonsTmdb: 00m15s
ComingSoonsUpdate: 00m05s

--------------------


--------------------

NowPlayingsClean: 00m22s
NowPlayingsTmdb: 06m36s
NowPlayingsUpdate: 00m47s

--------------------


--------------------

CinemathequesClean: 00m12s
CinemathequesTmdb: 11m47s
CinemathequesUpdate: 01m40s

--------------------

==== cron run end: 2026-08-04T05:02:05+0300 ====
