==== cron run start: 2026-08-31T04:00:00+0300 ====
From github.com:jeremyjacob101/Kartiseret
 * branch            main       -> FETCH_HEAD
Already on 'main'
M	backend/config/cron/cron_daily.log
Your branch is up to date with 'origin/main'.
HEAD is now at 77fa096 [D-RUN] daily artifacts and log 2026-08-30_05-03-29

--------------------

CCsoon: 01m26s
LCsoon: 01m58s
YPsoon: 02m52s
MLsoon: 02m55s
HCsoon: 04m03s

--------------------


--------------------

LevCinema: 05m43s
MovieLand: 10m43s
RavHen: 10m47s
CinemaCity: 11m09s
HotCinema: 16m09s
YesPlanet: 20m14s

--------------------


--------------------

JAFCtheque: 00m23s
HERZtheque: 03m39s
HAIFtheque: 04m00s
JLEMtheque: 04m14s
TLVtheque: 05m18s

--------------------


--------------------

ComingSoonsClean: 00m02s
ComingSoonsTmdb: 00m28s
ComingSoonsUpdate: 00m05s

--------------------

Ticket alerts: pending=3, emails=0, movies=0

--------------------

NowPlayingsClean: 00m16s
NowPlayingsTmdb: 06m53s
NowPlayingsUpdate: 00m57s
TicketAlertDispatcher: 00m00s

--------------------


--------------------

CinemathequesClean: 00m24s
CinemathequesTmdb: 11m06s
CinemathequesUpdate: 01m36s

--------------------

==== cron run end: 2026-08-31T04:51:36+0300 ====
