==== cron run start: 2026-08-17T04:00:00+0300 ====
From github.com:jeremyjacob101/Kartiseret
 * branch            main       -> FETCH_HEAD
Already on 'main'
M	backend/config/cron/cron_daily.log
Your branch is up to date with 'origin/main'.
HEAD is now at 3acf6c7 [D-RUN] daily artifacts and log 2026-08-16_04-49-58

--------------------

CCsoon: 00m30s
LCsoon: 01m48s
YPsoon: 03m06s
MLsoon: 03m20s
HCsoon: 04m10s

--------------------


--------------------

LevCinema: 06m03s
MovieLand: 10m34s
RavHen: 10m43s
CinemaCity: 15m20s
HotCinema: 16m38s
YesPlanet: 20m48s

--------------------


--------------------

JAFCtheque: 00m13s
HERZtheque: 02m52s
JLEMtheque: 03m08s
HAIFtheque: 03m28s
TLVtheque: 09m33s

--------------------


--------------------

ComingSoonsClean: 00m02s
ComingSoonsTmdb: 01m14s
ComingSoonsUpdate: 00m04s

--------------------


--------------------

NowPlayingsClean: 00m16s
NowPlayingsTmdb: 06m22s
NowPlayingsUpdate: 00m58s

--------------------


--------------------

CinemathequesClean: 00m22s
CinemathequesTmdb: 07m01s
CinemathequesUpdate: 01m11s

--------------------

==== cron run end: 2026-08-17T04:52:15+0300 ====
