==== cron run start: 2026-08-02T04:00:00+0300 ====
From github.com:jeremyjacob101/Kartiseret
 * branch            main       -> FETCH_HEAD
Already on 'main'
M	backend/config/cron/cron_daily.log
Your branch is up to date with 'origin/main'.
HEAD is now at 19ae67b [D-RUN] daily artifacts and log 2026-08-01_05-08-44

--------------------

CCsoon: 00m25s
LCsoon: 00m51s
YPsoon: 01m49s
MLsoon: 02m46s
HCsoon: 03m40s

--------------------


--------------------

LevCinema: 06m32s
RavHen: 09m38s
MovieLand: 10m08s
CinemaCity: 17m11s
HotCinema: 17m26s
YesPlanet: 21m13s

--------------------


--------------------

JAFCtheque: 00m18s
HERZtheque: 04m01s
HAIFtheque: 06m06s
JLEMtheque: 06m12s
TLVtheque: 16m51s

--------------------


--------------------

ComingSoonsClean: 00m02s
ComingSoonsTmdb: 00m15s
ComingSoonsUpdate: 00m04s

--------------------


--------------------

NowPlayingsClean: 00m22s
NowPlayingsTmdb: 06m23s
NowPlayingsUpdate: 00m49s

--------------------


--------------------

CinemathequesClean: 00m12s
CinemathequesTmdb: 12m15s
CinemathequesUpdate: 01m43s

--------------------

==== cron run end: 2026-08-02T05:04:01+0300 ====
