==== cron run start: 2026-08-30T04:00:00+0300 ====
From github.com:jeremyjacob101/Kartiseret
 * branch            main       -> FETCH_HEAD
Already on 'main'
M	backend/config/cron/cron_daily.log
Your branch is up to date with 'origin/main'.
HEAD is now at 00f09ae [D-RUN] daily artifacts and log 2026-08-29_05-12-07

--------------------

CCsoon: 01m28s
LCsoon: 01m39s
YPsoon: 02m42s
MLsoon: 02m59s
HCsoon: 04m13s

--------------------


--------------------

LevCinema: 05m19s
RavHen: 10m03s
MovieLand: 10m45s
HotCinema: 16m37s
YesPlanet: 20m44s
CinemaCity: 31m29s

--------------------


--------------------

JAFCtheque: 00m19s
HERZtheque: 03m51s
JLEMtheque: 03m51s
HAIFtheque: 03m55s
TLVtheque: 05m00s

--------------------


--------------------

ComingSoonsClean: 00m02s
ComingSoonsTmdb: 00m25s
ComingSoonsUpdate: 00m06s

--------------------

Ticket alerts: pending=3, emails=0, movies=0

--------------------

NowPlayingsClean: 00m28s
NowPlayingsTmdb: 07m11s
NowPlayingsUpdate: 00m54s
TicketAlertDispatcher: 00m00s

--------------------


--------------------

CinemathequesClean: 00m21s
CinemathequesTmdb: 11m29s
CinemathequesUpdate: 01m37s

--------------------

==== cron run end: 2026-08-30T05:03:28+0300 ====
