==== cron run start: 2026-08-13T04:00:01+0300 ====
From github.com:jeremyjacob101/Kartiseret
 * branch            main       -> FETCH_HEAD
Already on 'main'
M	backend/config/cron/cron_daily.log
Your branch is up to date with 'origin/main'.
HEAD is now at 600c824 [D-RUN] daily artifacts and log 2026-08-12_05-47-55

--------------------

CCsoon: 00m29s
LCsoon: 00m42s
YPsoon: 01m58s
MLsoon: 02m51s
HCsoon: 03m48s

--------------------


--------------------

LevCinema: 05m13s
RavHen: 10m16s
MovieLand: 12m25s
HotCinema: 18m28s
YesPlanet: 23m15s
CinemaCity: 27m36s

--------------------


--------------------

JAFCtheque: 00m18s
JLEMtheque: 03m43s
HAIFtheque: 04m37s
HERZtheque: 04m44s
TLVtheque: 10m59s

--------------------


--------------------

ComingSoonsClean: 00m02s
ComingSoonsTmdb: 00m34s
ComingSoonsUpdate: 00m04s

--------------------


--------------------

NowPlayingsClean: 00m27s
NowPlayingsTmdb: 07m20s
NowPlayingsUpdate: 00m59s

--------------------


--------------------

CinemathequesClean: 00m22s
CinemathequesTmdb: 09m33s
CinemathequesUpdate: 01m35s

--------------------

==== cron run end: 2026-08-13T05:03:32+0300 ====
