==== cron run start: 2026-08-07T04:00:00+0300 ====
From github.com:jeremyjacob101/Kartiseret
 * branch            main       -> FETCH_HEAD
Already on 'main'
M	backend/config/cron/cron_daily.log
Your branch is up to date with 'origin/main'.
HEAD is now at 3c133e0 [D-RUN] daily artifacts and log 2026-08-06_05-09-24

--------------------

CCsoon: 00m28s
LCsoon: 00m44s
YPsoon: 01m43s
MLsoon: 02m47s
HCsoon: 03m21s

--------------------


--------------------

LevCinema: 05m55s
MovieLand: 08m47s
RavHen: 10m47s
HotCinema: 18m42s
YesPlanet: 24m05s
CinemaCity: 26m25s

--------------------


--------------------

JAFCtheque: 00m22s
JLEMtheque: 03m39s
HERZtheque: 05m39s
HAIFtheque: 05m47s
TLVtheque: 10m30s

--------------------


--------------------

ComingSoonsClean: 00m02s
ComingSoonsTmdb: 00m21s
ComingSoonsUpdate: 00m04s

--------------------


--------------------

NowPlayingsClean: 00m25s
NowPlayingsTmdb: 06m54s
NowPlayingsUpdate: 00m50s

--------------------


--------------------

CinemathequesClean: 00m18s
CinemathequesTmdb: 11m37s
CinemathequesUpdate: 01m42s

--------------------

==== cron run end: 2026-08-07T05:02:43+0300 ====
