==== cron run start: 2026-08-10T04:00:00+0300 ====
From github.com:jeremyjacob101/Kartiseret
 * branch            main       -> FETCH_HEAD
Already on 'main'
M	backend/config/cron/cron_daily.log
Your branch is up to date with 'origin/main'.
HEAD is now at 12aa873 [D-RUN] daily artifacts and log 2026-08-09_05-11-38

--------------------

CCsoon: 00m27s
LCsoon: 00m50s
YPsoon: 01m55s
MLsoon: 02m45s
HCsoon: 03m11s

--------------------


--------------------

LevCinema: 04m50s
RavHen: 09m07s
MovieLand: 10m07s
CinemaCity: 14m35s
HotCinema: 15m27s
YesPlanet: 18m45s

--------------------


--------------------

JAFCtheque: 00m17s
JLEMtheque: 04m00s
HERZtheque: 04m03s
HAIFtheque: 05m13s
TLVtheque: 09m57s

--------------------


--------------------

ComingSoonsClean: 00m02s
ComingSoonsTmdb: 00m15s
ComingSoonsUpdate: 00m04s

--------------------


--------------------

NowPlayingsClean: 00m18s
NowPlayingsTmdb: 06m38s
NowPlayingsUpdate: 00m49s

--------------------


--------------------

CinemathequesClean: 00m18s
CinemathequesTmdb: 10m02s
CinemathequesUpdate: 01m23s

--------------------

==== cron run end: 2026-08-10T04:51:54+0300 ====
