==== cron run start: 2026-08-06T04:00:00+0300 ====
From github.com:jeremyjacob101/Kartiseret
 * branch            main       -> FETCH_HEAD
Already on 'main'
M	backend/config/cron/cron_daily.log
Your branch is up to date with 'origin/main'.
HEAD is now at dbded4a [D-RUN] daily artifacts and log 2026-08-05_05-09-36

--------------------

CCsoon: 00m30s
LCsoon: 00m56s
YPsoon: 01m52s
MLsoon: 02m50s
HCsoon: 03m23s

--------------------


--------------------

LevCinema: 04m38s
RavHen: 10m42s
MovieLand: 13m22s
HotCinema: 19m15s
YesPlanet: 24m31s
CinemaCity: 30m11s

--------------------


--------------------

JAFCtheque: 00m20s
JLEMtheque: 04m30s
HAIFtheque: 05m39s
HERZtheque: 05m45s
TLVtheque: 11m58s

--------------------


--------------------

ComingSoonsClean: 00m02s
ComingSoonsTmdb: 00m30s
ComingSoonsUpdate: 00m04s

--------------------


--------------------

NowPlayingsClean: 00m29s
NowPlayingsTmdb: 07m19s
NowPlayingsUpdate: 01m01s

--------------------


--------------------

CinemathequesClean: 00m15s
CinemathequesTmdb: 12m01s
CinemathequesUpdate: 01m55s

--------------------

==== cron run end: 2026-08-06T05:09:23+0300 ====
