==== cron run start: 2026-08-01T04:00:01+0300 ====
From github.com:jeremyjacob101/Kartiseret
 * branch            main       -> FETCH_HEAD
Already on 'main'
M	backend/config/cron/cron_daily.log
Your branch is up to date with 'origin/main'.
HEAD is now at 395b376 [D-RUN] daily artifacts and log 2026-07-31_05-08-39

--------------------

CCsoon: 00m31s
LCsoon: 01m00s
YPsoon: 01m53s
MLsoon: 02m50s
HCsoon: 03m47s

--------------------


--------------------

LevCinema: 04m40s
RavHen: 09m38s
MovieLand: 11m37s
HotCinema: 18m30s
YesPlanet: 22m33s
CinemaCity: 28m59s

--------------------


--------------------

JAFCtheque: 00m16s
JLEMtheque: 04m00s
HERZtheque: 04m27s
HAIFtheque: 05m46s
TLVtheque: 13m07s

--------------------


--------------------

ComingSoonsClean: 00m02s
ComingSoonsTmdb: 00m14s
ComingSoonsUpdate: 00m04s

--------------------


--------------------

NowPlayingsClean: 00m24s
NowPlayingsTmdb: 06m37s
NowPlayingsUpdate: 00m45s

--------------------


--------------------

CinemathequesClean: 00m10s
CinemathequesTmdb: 12m42s
CinemathequesUpdate: 01m41s

--------------------

==== cron run end: 2026-08-01T05:08:44+0300 ====
