==== cron run start: 2026-08-27T04:00:00+0300 ====
From github.com:jeremyjacob101/Kartiseret
 * branch            main       -> FETCH_HEAD
Already on 'main'
M	backend/config/cron/cron_daily.log
Your branch is up to date with 'origin/main'.
HEAD is now at e6b5653 [D-RUN] daily artifacts and log 2026-08-26_05-06-56

--------------------

CCsoon: 00m57s
LCsoon: 01m37s
YPsoon: 02m33s
MLsoon: 02m52s
HCsoon: 03m43s

--------------------


--------------------

LevCinema: 06m11s
RavHen: 11m54s
MovieLand: 13m28s
HotCinema: 19m51s
CinemaCity: 22m07s
YesPlanet: 25m57s

--------------------


--------------------

JAFCtheque: 00m24s
JLEMtheque: 04m03s
HAIFtheque: 05m01s
HERZtheque: 05m17s
TLVtheque: 10m13s

--------------------


--------------------

ComingSoonsClean: 00m02s
ComingSoonsTmdb: 00m41s
ComingSoonsUpdate: 00m05s

--------------------


--------------------

NowPlayingsClean: 00m27s
NowPlayingsTmdb: 07m58s
NowPlayingsUpdate: 01m02s

--------------------


--------------------

CinemathequesClean: 00m20s
CinemathequesTmdb: 12m04s
CinemathequesUpdate: 01m51s

--------------------

==== cron run end: 2026-08-27T05:04:38+0300 ====
