==== cron run start: 2026-08-18T04:00:00+0300 ====
From github.com:jeremyjacob101/Kartiseret
 * branch            main       -> FETCH_HEAD
Already on 'main'
M	backend/config/cron/cron_daily.log
Your branch is up to date with 'origin/main'.
HEAD is now at 6af23ac [D-RUN] daily artifacts and log 2026-08-17_04-52-15

--------------------

CCsoon: 00m33s
LCsoon: 01m54s
YPsoon: 02m23s
MLsoon: 03m05s
HCsoon: 03m44s

--------------------


--------------------

LevCinema: 06m35s
MovieLand: 08m57s
RavHen: 11m09s
CinemaCity: 11m30s
HotCinema: 14m18s
YesPlanet: 22m42s

--------------------


--------------------

JAFCtheque: 00m14s
HAIFtheque: 03m00s
JLEMtheque: 03m21s
HERZtheque: 04m54s
TLVtheque: 12m15s

--------------------


--------------------

ComingSoonsClean: 00m02s
ComingSoonsTmdb: 00m15s
ComingSoonsUpdate: 00m04s

--------------------


--------------------

NowPlayingsClean: 00m17s
NowPlayingsTmdb: 06m51s
NowPlayingsUpdate: 00m57s

--------------------


--------------------

CinemathequesClean: 00m18s
CinemathequesTmdb: 09m29s
CinemathequesUpdate: 01m26s

--------------------

==== cron run end: 2026-08-18T04:58:34+0300 ====
