==== cron run start: 2026-08-19T04:00:00+0300 ====
From github.com:jeremyjacob101/Kartiseret
 * branch            main       -> FETCH_HEAD
Already on 'main'
M	backend/config/cron/cron_daily.log
Your branch is up to date with 'origin/main'.
HEAD is now at 4b763b2 [W-RUN] weekly artifacts and log 2026-08-18_19-02-13

--------------------

CCsoon: 00m28s
LCsoon: 01m50s
YPsoon: 02m29s
MLsoon: 02m47s
HCsoon: 03m54s

--------------------


--------------------

LevCinema: 07m19s
RavHen: 12m37s
MovieLand: 14m53s
HotCinema: 21m11s
YesPlanet: 27m15s
CinemaCity: 27m19s

--------------------


--------------------

JAFCtheque: 00m17s
HAIFtheque: 03m20s
JLEMtheque: 03m42s
HERZtheque: 04m54s
TLVtheque: 08m11s

--------------------


--------------------

ComingSoonsClean: 00m03s
ComingSoonsTmdb: 00m15s
ComingSoonsUpdate: 00m04s

--------------------


--------------------

NowPlayingsClean: 00m26s
NowPlayingsTmdb: 07m29s
NowPlayingsUpdate: 01m02s

--------------------


--------------------

CinemathequesClean: 00m19s
CinemathequesTmdb: 10m15s
CinemathequesUpdate: 01m44s

--------------------

==== cron run end: 2026-08-19T05:01:15+0300 ====
