==== cron run start: 2026-08-11T04:00:00+0300 ====
From github.com:jeremyjacob101/Kartiseret
 * branch            main       -> FETCH_HEAD
Already on 'main'
M	backend/config/cron/cron_daily.log
Your branch is up to date with 'origin/main'.
HEAD is now at 1ff5ca9 [D-RUN] daily artifacts and log 2026-08-10_04-51-54

--------------------

CCsoon: 00m28s
LCsoon: 00m54s
YPsoon: 02m08s
MLsoon: 03m11s
HCsoon: 03m35s

--------------------


--------------------

LevCinema: 05m44s
MovieLand: 06m07s
RavHen: 10m59s
CinemaCity: 11m19s
HotCinema: 13m55s
YesPlanet: 22m47s

--------------------


--------------------

JAFCtheque: 00m17s
JLEMtheque: 03m31s
HAIFtheque: 04m47s
HERZtheque: 06m08s
TLVtheque: 21m08s

--------------------


--------------------

ComingSoonsClean: 00m02s
ComingSoonsTmdb: 00m17s
ComingSoonsUpdate: 00m04s

--------------------


--------------------

NowPlayingsClean: 00m21s
NowPlayingsTmdb: 06m32s
NowPlayingsUpdate: 00m51s

--------------------


--------------------

CinemathequesClean: 00m18s
CinemathequesTmdb: 09m46s
CinemathequesUpdate: 01m32s

--------------------

==== cron run end: 2026-08-11T05:07:28+0300 ====
