==== cron run start: 2026-08-08T04:00:01+0300 ====
From github.com:jeremyjacob101/Kartiseret
 * branch            main       -> FETCH_HEAD
Already on 'main'
M	backend/config/cron/cron_daily.log
Your branch is up to date with 'origin/main'.
HEAD is now at 695747d [D-RUN] daily artifacts and log 2026-08-07_05-02-43

--------------------

CCsoon: 00m28s
LCsoon: 00m44s
YPsoon: 01m44s
MLsoon: 02m45s
HCsoon: 03m11s

--------------------


--------------------

LevCinema: 05m19s
RavHen: 10m22s
MovieLand: 12m14s
HotCinema: 18m19s
YesPlanet: 22m17s
CinemaCity: 27m16s

--------------------


--------------------

JAFCtheque: 00m19s
JLEMtheque: 03m28s
HERZtheque: 04m36s
HAIFtheque: 04m54s
TLVtheque: 11m00s

--------------------


--------------------

ComingSoonsClean: 00m02s
ComingSoonsTmdb: 00m15s
ComingSoonsUpdate: 00m04s

--------------------


--------------------

NowPlayingsClean: 00m24s
NowPlayingsTmdb: 06m53s
NowPlayingsUpdate: 00m57s

--------------------


--------------------

CinemathequesClean: 00m17s
CinemathequesTmdb: 11m14s
CinemathequesUpdate: 01m53s

--------------------

==== cron run end: 2026-08-08T05:03:39+0300 ====
