==== cron run start: 2026-07-31T04:00:00+0300 ====
From github.com:jeremyjacob101/Kartiseret
 * branch            main       -> FETCH_HEAD
   4d5b0c4..f272e1b  main       -> origin/main
Already on 'main'
M	backend/config/cron/cron_daily.log
Your branch is behind 'origin/main' by 43 commits, and can be fast-forwarded.
  (use "git pull" to update your local branch)
HEAD is now at f272e1b [_] favicon fixes 5

--------------------

CCsoon: 00m33s
LCsoon: 01m03s
YPsoon: 01m56s
MLsoon: 02m53s
HCsoon: 03m54s

--------------------


--------------------

LevCinema: 04m58s
RavHen: 10m02s
MovieLand: 11m53s
HotCinema: 18m13s
YesPlanet: 23m36s
CinemaCity: 32m10s

--------------------


--------------------

JAFCtheque: 00m16s
JLEMtheque: 03m21s
HERZtheque: 03m58s
HAIFtheque: 05m34s
TLVtheque: 09m22s

--------------------


--------------------

ComingSoonsClean: 00m02s
ComingSoonsTmdb: 00m21s
ComingSoonsUpdate: 00m04s

--------------------


--------------------

NowPlayingsClean: 00m29s
NowPlayingsTmdb: 06m24s
NowPlayingsUpdate: 00m48s

--------------------


--------------------

CinemathequesClean: 00m07s
CinemathequesTmdb: 13m00s
CinemathequesUpdate: 01m44s

--------------------

==== cron run end: 2026-07-31T05:08:39+0300 ====
