==== cron run start: 2026-08-25T04:00:01+0300 ====
From github.com:jeremyjacob101/Kartiseret
 * branch            main       -> FETCH_HEAD
Already on 'main'
M	backend/config/cron/cron_daily.log
Your branch is up to date with 'origin/main'.
HEAD is now at eb2b863 [D-RUN] daily artifacts and log 2026-08-24_04-56-41

--------------------

CCsoon: 00m58s
LCsoon: 01m37s
YPsoon: 02m19s
MLsoon: 02m47s
HCsoon: 03m38s

--------------------


--------------------

LevCinema: 06m38s
MovieLand: 10m24s
CinemaCity: 11m14s
RavHen: 11m48s
HotCinema: 15m52s
YesPlanet: 26m36s

--------------------


--------------------

JAFCtheque: 00m21s
JLEMtheque: 04m33s
HAIFtheque: 04m53s
HERZtheque: 05m01s
TLVtheque: 09m39s

--------------------


--------------------

ComingSoonsClean: 00m01s
ComingSoonsTmdb: 00m15s
ComingSoonsUpdate: 00m05s

--------------------


--------------------

NowPlayingsClean: 00m17s
NowPlayingsTmdb: 06m52s
NowPlayingsUpdate: 01m01s

--------------------


--------------------

CinemathequesClean: 00m17s
CinemathequesTmdb: 11m05s
CinemathequesUpdate: 01m48s

--------------------

==== cron run end: 2026-08-25T05:01:47+0300 ====
