==== cron run start: 2026-08-04T18:00:00+0300 ====
From github.com:jeremyjacob101/Kartiseret
 * branch            main       -> FETCH_HEAD
Already on 'main'
M	backend/config/cron/cron_weekly.log
Your branch is up to date with 'origin/main'.
HEAD is now at 71a7ccb [D-RUN] daily artifacts and log 2026-08-04_05-02-06

--------------------

CCsoon: 00m47s
LCsoon: 01m30s
YPsoon: 02m00s
MLsoon: 02m43s
HCsoon: 04m06s

--------------------


--------------------

LevCinema: 06m02s
RavHen: 11m48s
MovieLand: 14m56s
HotCinema: 19m53s
YesPlanet: 27m47s
CinemaCity: 33m35s

--------------------


--------------------

JAFCtheque: 00m26s
JLEMtheque: 04m25s
HAIFtheque: 06m30s
HERZtheque: 07m26s
TLVtheque: 08m23s

--------------------


--------------------

ComingSoonsClean: 00m02s
ComingSoonsTmdb: 00m15s
ComingSoonsUpdate: 00m05s

--------------------


--------------------

NowPlayingsClean: 00m26s
NowPlayingsTmdb: 07m11s
NowPlayingsUpdate: 00m55s

--------------------


--------------------

CinemathequesClean: 00m14s
CinemathequesTmdb: 12m52s
CinemathequesUpdate: 01m48s

--------------------

==== cron run end: 2026-08-04T19:10:07+0300 ====
