==== cron run start: 2026-08-25T18:00:00+0300 ====
From github.com:jeremyjacob101/Kartiseret
 * branch            main       -> FETCH_HEAD
Already on 'main'
M	backend/config/cron/cron_weekly.log
Your branch is up to date with 'origin/main'.
HEAD is now at ad40d1e [D-RUN] daily artifacts and log 2026-08-25_05-01-47

--------------------

CCsoon: 01m00s
LCsoon: 01m40s
YPsoon: 02m25s
MLsoon: 02m41s
HCsoon: 03m40s

--------------------


--------------------

LevCinema: 06m12s
RavHen: 11m32s
HotCinema: 19m48s
MovieLand: 23m45s
YesPlanet: 27m37s
CinemaCity: 57m16s

--------------------


--------------------

JAFCtheque: 00m30s
JLEMtheque: 04m29s
HAIFtheque: 05m37s
HERZtheque: 05m50s
TLVtheque: 07m00s

--------------------


--------------------

ComingSoonsClean: 00m02s
ComingSoonsTmdb: 00m18s
ComingSoonsUpdate: 00m05s

--------------------


--------------------

NowPlayingsClean: 00m25s
NowPlayingsTmdb: 07m33s
NowPlayingsUpdate: 01m01s

--------------------


--------------------

CinemathequesClean: 00m19s
CinemathequesTmdb: 12m18s
CinemathequesUpdate: 01m57s

--------------------

==== cron run end: 2026-08-25T19:32:07+0300 ====
