==== cron run start: 2026-08-11T18:00:01+0300 ====
From github.com:jeremyjacob101/Kartiseret
 * branch            main       -> FETCH_HEAD
Already on 'main'
M	backend/config/cron/cron_weekly.log
Your branch is up to date with 'origin/main'.
HEAD is now at 9497093 [D-RUN] daily artifacts and log 2026-08-11_05-07-29

--------------------

CCsoon: 00m27s
LCsoon: 00m46s
YPsoon: 02m03s
MLsoon: 03m01s
HCsoon: 03m42s

--------------------


--------------------

LevCinema: 06m52s
RavHen: 12m34s
MovieLand: 14m31s
HotCinema: 20m43s
YesPlanet: 27m52s
CinemaCity: 34m42s

--------------------


--------------------

JAFCtheque: 00m20s
JLEMtheque: 03m46s
HAIFtheque: 05m03s
HERZtheque: 06m20s
TLVtheque: 08m37s

--------------------


--------------------

ComingSoonsClean: 00m02s
ComingSoonsTmdb: 00m16s
ComingSoonsUpdate: 00m04s

--------------------


--------------------

NowPlayingsClean: 00m30s
NowPlayingsTmdb: 07m36s
NowPlayingsUpdate: 00m51s

--------------------


--------------------

CinemathequesClean: 00m23s
CinemathequesTmdb: 10m22s
CinemathequesUpdate: 01m28s

--------------------

==== cron run end: 2026-08-11T19:08:47+0300 ====
